C:\Users\user\source\repos\NodejsConsoleApp1\NodejsConsoleApp1\app.js
C:\Users\user\source\repos\NodejsConsoleApp1\NodejsConsoleApp1\app.js.map
